WARNING:root:And this, too
WARNING:root:And this, too
WARNING:root:And this, too
WARNING:root:And this, too
WARNING:root:And this, too
WARNING:root:And this, too
WARNING:root:And this, too
WARNING:root:And this, too
WARNING:root:And this, too
WARNING:root:And this, too
